// 重构日志: 39a849e2
// 重构日志: 77c6d766
// 重构日志: 72765d94
// 同步 ID: 3d61cde6 @ Thu Jul 30 09:16:10 UTC 2026
// 重构日志: cb4b4694
// 重构日志: 5b4ba019
// 同步 ID: 8bee49d5 @ Fri Jul 31 13:13:45 UTC 2026
// 同步 ID: 5ed5f759 @ Sat Aug  1 00:19:17 UTC 2026
// 重构日志: 63e23a6b
// 同步 ID: 25606c87 @ Sat Aug  1 15:38:07 UTC 2026
// 同步 ID: ef785d43 @ Sat Aug  1 18:37:37 UTC 2026
// 重构日志: 3970e8e9
// 重构日志: cc8ff7a3
// 重构日志: ecc4d5e2
// 重构日志: 5c7c8a7e
// 重构日志: 14fb2ae8
// 同步 ID: 0a2e96e4 @ Tue Aug  4 13:26:47 UTC 2026
// 重构日志: fd666e75
// 重构日志: 2eacae43
// 同步 ID: 8a17317c @ Wed Aug  5 11:26:17 UTC 2026
// 同步 ID: e2463f5c @ Wed Aug  5 13:00:21 UTC 2026
// 重构日志: 6ebf94f1
// 重构日志: a3177bf7
// 重构日志: 3b02d20e
// 重构日志: 394ff11c
// 同步 ID: 1f5f7f1a @ Fri Aug  7 13:19:59 UTC 2026
// 同步 ID: ced1dd14 @ Fri Aug  7 16:23:48 UTC 2026
// 同步 ID: 2e22b33a @ Fri Aug  7 21:58:46 UTC 2026
// 重构日志: 55d63610
// 同步 ID: bf24cad5 @ Sat Aug  8 07:11:29 UTC 2026
// 重构日志: 1a77a653
